[2026-09-11 00:00:38] [error]: https://www.youtube.com/feeds/videos.xml?channel_id=UCJXa3_WNNmIpewOtCHf3B0g: "HTTP 404"
[2026-09-11 01:00:00] [error]: https://www.youtube.com/feeds/videos.xml?channel_id=UCoVtk27EkN9r39VFKHKnmuw: "HTTP 404"
[2026-09-11 01:00:03] [error]: https://www.youtube.com/feeds/videos.xml?channel_id=UC0cd_-e49hZpWLH3UIwoWRA: "HTTP 404"
[2026-09-11 01:00:06] [error]: https://www.youtube.com/feeds/videos.xml?channel_id=UCVls1GmFKf6WlTraIb_IaJg: "HTTP 404"
[2026-09-11 01:00:09] [error]: https://www.youtube.com/feeds/videos.xml?channel_id=UCRCkL89mcxMETTcqou5o5ow: "HTTP 404"
[2026-09-11 01:00:12] [error]: https://www.youtube.com/feeds/videos.xml?channel_id=UCJquYOG5EL82sKTfH9aMA9Q: "HTTP 404"
[2026-09-11 01:00:15] [error]: https://www.youtube.com/feeds/videos.xml?channel_id=UChAu6Cof9KlfFxSbL9ytosQ: "HTTP 404"
[2026-09-11 01:00:18] [error]: https://www.youtube.com/feeds/videos.xml?channel_id=UCpjlh0e319ksmoOD7bQFSiw: "HTTP 404"
[2026-09-11 01:00:21] [error]: https://www.youtube.com/feeds/videos.xml?channel_id=UCtmkjheVeJC_1F_OeuX-hoA: "HTTP 404"
[2026-09-11 01:00:25] [error]: https://www.youtube.com/feeds/videos.xml?channel_id=UCh4PO1W9tVmHujIPZnfK8TQ: "HTTP 500"
[2026-09-11 01:00:28] [error]: https://www.youtube.com/feeds/videos.xml?channel_id=UCJv0Z8R8SpOCdj8b6aGV3FQ: "HTTP 404"
[2026-09-11 01:00:36] [error]: https://www.youtube.com/feeds/videos.xml?channel_id=UCkRmQ_G_NbdbCQMpALg6UPg: "HTTP 404"
[2026-09-11 01:00:39] [error]: https://www.youtube.com/feeds/videos.xml?channel_id=UCO3tlaeZ6Z0ZN5frMZI3-uQ: "HTTP 404"
[2026-09-11 01:00:42] [error]: https://www.youtube.com/feeds/videos.xml?channel_id=UCrPND-XIOQgPxU55utSWPFw: "HTTP 404"
[2026-09-11 01:00:45] [error]: https://www.youtube.com/feeds/videos.xml?channel_id=UCJXbWTkXCIvL2unItjB3G4Q: "HTTP 404"
[2026-09-11 01:00:48] [error]: https://www.youtube.com/feeds/videos.xml?channel_id=UCsBjURrPoezykLs9EqgamOA: "HTTP 404"
[2026-09-11 01:00:51] [error]: https://www.youtube.com/feeds/videos.xml?channel_id=UCZJVGkUR2iZo32xCBBwb0lQ: "HTTP 404"
[2026-09-11 01:00:54] [error]: https://www.youtube.com/feeds/videos.xml?channel_id=UCpMEC_NiX1r503JISXQ-VKw: "HTTP 404"
[2026-09-11 01:00:57] [error]: https://www.youtube.com/feeds/videos.xml?channel_id=UCkdgAA0rfK7lG5dv4o__Paw: "HTTP 500"
[2026-09-11 01:01:00] [error]: https://www.youtube.com/feeds/videos.xml?channel_id=UCIiE6rbLs89S6ximRkQC-_g: "HTTP 404"
[2026-09-11 01:01:03] [error]: https://www.youtube.com/feeds/videos.xml?channel_id=UCRLA8svy3YM9b4y-ITYYtaA: "HTTP 404"
[2026-09-11 01:01:06] [error]: https://www.youtube.com/feeds/videos.xml?channel_id=UCVjlpEjEY9GpksqbEesJnNA: "HTTP 404"
[2026-09-11 01:01:12] [error]: https://www.youtube.com/feeds/videos.xml?channel_id=UCzS3-65Y91JhOxFiM7j6grg: "HTTP 404"
[2026-09-11 01:01:15] [error]: https://www.youtube.com/feeds/videos.xml?channel_id=UCY4oKJ57Dx3GITBbHkODlGw: "HTTP 404"
[2026-09-11 01:01:18] [error]: https://www.youtube.com/feeds/videos.xml?channel_id=UC3KEoMzNz8eYnwBC34RaKCQ: "HTTP 404"
[2026-09-11 01:01:21] [error]: https://www.youtube.com/feeds/videos.xml?channel_id=UCOVfq3NNYjlYCz1iou69FwQ: "HTTP 404"
[2026-09-11 01:01:24] [error]: https://www.youtube.com/feeds/videos.xml?channel_id=UCEbYhDd6c6vngsF5PQpFVWg: "HTTP 404"
[2026-09-11 01:01:30] [error]: https://www.youtube.com/feeds/videos.xml?channel_id=UCyxTSIJ4Cy8Ndvss8CdDVKg: "HTTP 404"
[2026-09-11 01:01:33] [error]: https://www.youtube.com/feeds/videos.xml?channel_id=UCJ0FbAfZ5x1_wv0QaveNYNA: "HTTP 404"
[2026-09-11 01:01:36] [error]: https://www.youtube.com/feeds/videos.xml?channel_id=UC4eEWD0Emox6YOdaWVwmxAw: "HTTP 404"
[2026-09-11 01:01:39] [error]: https://www.youtube.com/feeds/videos.xml?channel_id=UCKNVniNJKTYRZpTmfyJJjtA: "HTTP 404"
[2026-09-11 01:01:42] [error]: https://www.youtube.com/feeds/videos.xml?channel_id=UCEahRMjdsR_6cwVc49p2ZkA: "HTTP 404"
[2026-09-11 01:01:45] [error]: https://www.youtube.com/feeds/videos.xml?channel_id=UCtMVHI3AJD4Qk4hcbZnI9ZQ: "HTTP 404"
[2026-09-11 01:01:48] [error]: https://www.youtube.com/feeds/videos.xml?channel_id=UC42GLYQ9Q9z4pEX1anQ9Lzg: "HTTP 404"
[2026-09-11 01:01:51] [error]: https://www.youtube.com/feeds/videos.xml?channel_id=UCOeUnUZ4zuWX4yBYAT5OaAQ: "HTTP 404"
[2026-09-11 01:01:54] [error]: https://www.youtube.com/feeds/videos.xml?channel_id=UC6jUsIEZ2F875OB2Be84cpA: "HTTP 404"
[2026-09-11 01:01:57] [error]: https://www.youtube.com/feeds/videos.xml?channel_id=UCPmfPl-BsCd3wmE8i45LAoA: "HTTP 404"
[2026-09-11 01:02:00] [error]: https://www.youtube.com/feeds/videos.xml?channel_id=UCmGSJVG3mCRXVOP4yZrU1Dw: "HTTP 404"
[2026-09-11 01:02:03] [error]: https://www.youtube.com/feeds/videos.xml?channel_id=UCgH8NCuYcVzxxrfsrBj1u3A: "HTTP 404"
[2026-09-11 01:02:06] [error]: https://www.youtube.com/feeds/videos.xml?channel_id=UCPD_bxCRGpmmeQcbe2kpPaA: "HTTP 404"
[2026-09-11 01:02:09] [error]: https://www.youtube.com/feeds/videos.xml?channel_id=UChk6TQce1EJMn6_liKdHDog: "HTTP 404"
[2026-09-11 01:02:12] [error]: https://www.youtube.com/feeds/videos.xml?channel_id=UCtHaxi4GTYDpJgMSGy7AeSw: "HTTP 404"
[2026-09-11 01:02:18] [error]: https://www.youtube.com/feeds/videos.xml?channel_id=UC6E2mP01ZLH_kbAyeazCNdg: "HTTP 404"
[2026-09-11 01:02:21] [error]: https://www.youtube.com/feeds/videos.xml?channel_id=UCut6ljtKiGpbXaNZJt-00Nw: "HTTP 404"
[2026-09-11 01:02:24] [error]: https://www.youtube.com/feeds/videos.xml?channel_id=UCr9ib9quyHJkEchOck4PG2w: "HTTP 404"
[2026-09-11 01:02:27] [error]: https://www.youtube.com/feeds/videos.xml?channel_id=UCz__rO-DqQjGACVNvJJ8bKg: "HTTP 404"
[2026-09-11 01:02:37] [error]: https://www.youtube.com/feeds/videos.xml?channel_id=UC6LntleHjrsHuh4QJmiVjNw: "HTTP 404"
[2026-09-11 01:02:37] [error]: https://www.youtube.com/feeds/videos.xml?channel_id=UCsI_41SZafKtB5qE46WjlQQ: "HTTP 404"
[2026-09-11 01:02:39] [error]: https://www.youtube.com/feeds/videos.xml?channel_id=UCtpiIBHg_cbAIm9N-7SabOw: "HTTP 404"
[2026-09-11 01:02:42] [error]: https://www.youtube.com/feeds/videos.xml?channel_id=UCnRVL1-HJnXWB_Xi2dAoTcg: "HTTP 500"
[2026-09-11 01:02:57] [error]: https://www.youtube.com/feeds/videos.xml?channel_id=UCsS3BCdeS_6wbclEfQ2jgqw: "HTTP 404"
[2026-09-11 01:03:00] [error]: https://www.youtube.com/feeds/videos.xml?channel_id=UCJFgAnenhRuD5JJcpoQX80Q: "HTTP 404"
[2026-09-11 01:03:03] [error]: https://www.youtube.com/feeds/videos.xml?channel_id=UCNjHgaLpdy1IMNK57pYiKiQ: "HTTP 404"
[2026-09-11 01:03:06] [error]: https://www.youtube.com/feeds/videos.xml?channel_id=UCuxpxCCevIlF-k-K5YU8XPA: "HTTP 404"
[2026-09-11 01:03:09] [error]: https://www.youtube.com/feeds/videos.xml?channel_id=UC4USoIAL9qcsx5nCZV_QRnA: "HTTP 404"
[2026-09-11 01:03:15] [error]: https://www.youtube.com/feeds/videos.xml?channel_id=UCNrp1IS3h3jeo3zymgPahQA: "HTTP 404"
[2026-09-11 01:03:18] [error]: https://www.youtube.com/feeds/videos.xml?channel_id=UCtMZP29LNEkI96ezw8I0eGw: "HTTP 404"
[2026-09-11 01:03:21] [error]: https://www.youtube.com/feeds/videos.xml?channel_id=UCJMrvlVhrZYgP0MVoAUG1rw: "HTTP 404"
[2026-09-11 01:03:24] [error]: https://www.youtube.com/feeds/videos.xml?channel_id=UCmv1CLT6ZcFdTJMHxaR9XeA: "HTTP 404"
[2026-09-11 01:03:27] [error]: https://www.youtube.com/feeds/videos.xml?channel_id=UCxVOga0fJo6cLgUhRHiDXTw: "HTTP 404"
[2026-09-11 01:03:30] [error]: https://www.youtube.com/feeds/videos.xml?channel_id=UCgRQHK8Ttr1j9xCEpCAlgbQ: "HTTP 500"
[2026-09-11 01:03:33] [error]: https://www.youtube.com/feeds/videos.xml?channel_id=UCbaAyXYMnbQu0BGGPbvxHsw: "HTTP 404"
[2026-09-11 01:03:36] [error]: https://www.youtube.com/feeds/videos.xml?channel_id=UCOWqXBOz_hoBtaqwWN_kaQQ: "HTTP 404"
[2026-09-11 01:03:39] [error]: https://www.youtube.com/feeds/videos.xml?channel_id=UCyI7FNTudkyALBh9N7hwI9Q: "HTTP 404"
[2026-09-11 01:03:42] [error]: https://www.youtube.com/feeds/videos.xml?channel_id=UCMIjEnXruVHtvgSVf6TgfUg: "HTTP 404"
[2026-09-11 01:03:45] [error]: https://www.youtube.com/feeds/videos.xml?channel_id=UC-gO6d2N_MiG5wVuL14okbg: "HTTP 404"
[2026-09-11 01:03:51] [error]: https://www.youtube.com/feeds/videos.xml?channel_id=UCsvn_Po0SmunchJYOWpOxMg: "HTTP 404"
[2026-09-11 01:03:54] [error]: https://www.youtube.com/feeds/videos.xml?channel_id=UC8DyQ6UyChGmJwA-NoUC0rA: "HTTP 404"
[2026-09-11 01:03:57] [error]: https://www.youtube.com/feeds/videos.xml?channel_id=UCY7dD6waquGnKTZSumPMTlQ: "HTTP 404"
[2026-09-11 01:04:00] [error]: https://www.youtube.com/feeds/videos.xml?channel_id=UCO2aPSqobmHAeeV7SOOEtIw: "HTTP 500"
[2026-09-11 01:04:03] [error]: https://www.youtube.com/feeds/videos.xml?channel_id=UCwHwDuNd9lCdA7chyyquDXw: "HTTP 404"
[2026-09-11 01:04:06] [error]: https://www.youtube.com/feeds/videos.xml?channel_id=UC_2lbLBOxZpEDHLEzd1z9vQ: "HTTP 404"
[2026-09-11 01:04:09] [error]: https://www.youtube.com/feeds/videos.xml?channel_id=UC5FaqTBy0c1jlRUHKu4SuXQ: "HTTP 404"
[2026-09-11 01:04:12] [error]: https://www.youtube.com/feeds/videos.xml?channel_id=UCJHA_jMfCvEnv-3kRjTCQXw: "HTTP 404"
[2026-09-11 01:04:15] [error]: https://www.youtube.com/feeds/videos.xml?channel_id=UCkkS9vuXcbxijUfoXft8x7w: "HTTP 404"
[2026-09-11 01:04:18] [error]: https://www.youtube.com/feeds/videos.xml?channel_id=UC6t5e6r-JEVoz_yn6SdvLRw: "HTTP 404"
[2026-09-11 01:04:21] [error]: https://www.youtube.com/feeds/videos.xml?channel_id=UCUsCq3Hq5haa6tTph41hpJQ: "HTTP 404"
[2026-09-11 01:04:24] [error]: https://www.youtube.com/feeds/videos.xml?channel_id=UCRTeNftWBh6ePpiqzyMNmFw: "HTTP 404"
[2026-09-11 01:04:27] [error]: https://www.youtube.com/feeds/videos.xml?channel_id=UC3Wj9aO8VS5ZuXrtWfJf81w: "HTTP 404"
[2026-09-11 01:04:30] [error]: https://www.youtube.com/feeds/videos.xml?channel_id=UCrqM0Ym_NbK1fqeQG2VIohg: "HTTP 404"
[2026-09-11 01:04:33] [error]: https://www.youtube.com/feeds/videos.xml?channel_id=UCjYun1PcC1l0Kq0x4h0mBFg: "HTTP 404"
[2026-09-11 01:04:36] [error]: https://www.youtube.com/feeds/videos.xml?channel_id=UCigygyPkHm07o-wQvkET7Og: "HTTP 404"
[2026-09-11 01:04:42] [error]: https://www.youtube.com/feeds/videos.xml?channel_id=UC0w4AA42ItXQEb9aZld87-w: "HTTP 404"
[2026-09-11 01:04:45] [error]: https://www.youtube.com/feeds/videos.xml?channel_id=UCwzAmROPHasu6Gof1I4qvYQ: "HTTP 404"
[2026-09-11 01:04:48] [error]: https://www.youtube.com/feeds/videos.xml?channel_id=UCuf5XsjvLduPMyPnw6WQ8Uw: "HTTP 500"
[2026-09-11 01:04:51] [error]: https://www.youtube.com/feeds/videos.xml?channel_id=UCq8oBCFE3FKRETVzQKDvg_w: "HTTP 404"
[2026-09-11 01:04:58] [error]: https://www.youtube.com/feeds/videos.xml?channel_id=UCKOvOaJv4GK-oDqx-sj7VVg: "HTTP 404"
[2026-09-11 01:05:00] [error]: https://www.youtube.com/feeds/videos.xml?channel_id=UCuT0B27AxYqCPWMJixOOnMQ: "HTTP 404"
[2026-09-11 01:05:03] [error]: https://www.youtube.com/feeds/videos.xml?channel_id=UCnSFlVqRyNfIJDsmpkcY57w: "HTTP 404"
[2026-09-11 01:05:06] [error]: https://www.youtube.com/feeds/videos.xml?channel_id=UCl9OJE9OpXui-gRsnWjSrlA: "HTTP 404"
[2026-09-11 01:05:09] [error]: https://www.youtube.com/feeds/videos.xml?channel_id=UCSnwORddxZG1SyB8lSxWQGg: "HTTP 404"
[2026-09-11 01:05:12] [error]: https://www.youtube.com/feeds/videos.xml?channel_id=UCsN32BtMd0IoByjJRNF12cw: "HTTP 404"
[2026-09-11 01:05:15] [error]: https://www.youtube.com/feeds/videos.xml?channel_id=UCQHX6ViZmPsWiYSFAyS0a3Q: "HTTP 404"
[2026-09-11 01:05:18] [error]: https://www.youtube.com/feeds/videos.xml?channel_id=UCqFzWxSCi39LnW1JKFR3efg: "HTTP 404"
[2026-09-11 01:05:21] [error]: https://www.youtube.com/feeds/videos.xml?channel_id=UCPCPE5MoI7DS1WiVB_-mzNw: "HTTP 404"
[2026-09-11 01:05:24] [error]: https://www.youtube.com/feeds/videos.xml?channel_id=UC_zyfHGL6MWzm36l9TEWFRg: "HTTP 500"
[2026-09-11 01:05:27] [error]: https://www.youtube.com/feeds/videos.xml?channel_id=UCtM5z2gkrGRuWd0JQMx76qA: "HTTP 404"
[2026-09-11 01:05:30] [error]: https://www.youtube.com/feeds/videos.xml?channel_id=UCS7kyY9hqClnfIYreR5xvpg: "HTTP 404"
[2026-09-11 01:05:33] [error]: https://www.youtube.com/feeds/videos.xml?channel_id=UCPzyK7-vPvtWU5H4vjK1xjw: "HTTP 404"
[2026-09-11 01:05:36] [error]: https://www.youtube.com/feeds/videos.xml?channel_id=UCJtfma0mE_XrBAD9uakcjfA: "HTTP 404"
[2026-09-11 01:05:39] [error]: https://www.youtube.com/feeds/videos.xml?channel_id=UCBgCQeOfakEs20AEEkWl8bg: "HTTP 404"
[2026-09-11 01:05:42] [error]: https://www.youtube.com/feeds/videos.xml?channel_id=UCaHT88aobpcvRFEuy4v5Clg: "HTTP 404"
[2026-09-11 01:05:45] [error]: https://www.youtube.com/feeds/videos.xml?channel_id=UC6nSFpj9HTCZ5t-N3Rm3-HA: "HTTP 404"
[2026-09-11 01:05:48] [error]: https://www.youtube.com/feeds/videos.xml?channel_id=UCdKj0VzVR0Af0wzd7-68Avw: "HTTP 404"
[2026-09-11 01:05:54] [error]: https://www.youtube.com/feeds/videos.xml?channel_id=UCU7v5kTKdLacf5c4KeMempQ: "HTTP 404"
[2026-09-11 01:05:57] [error]: https://www.youtube.com/feeds/videos.xml?channel_id=UCcyq283he07B7_KUX07mmtA: "HTTP 404"
[2026-09-11 01:06:00] [error]: https://www.youtube.com/feeds/videos.xml?channel_id=UCpIafFPGutTAKOBHMtGen7g: "HTTP 404"
[2026-09-11 01:06:03] [error]: https://www.youtube.com/feeds/videos.xml?channel_id=UCVGVbOl6F5rGF4wSYS6Y5yQ: "HTTP 404"
[2026-09-11 01:06:09] [error]: https://www.youtube.com/feeds/videos.xml?channel_id=UCFQMnBA3CS502aghlcr0_aw: "HTTP 404"
[2026-09-11 01:06:12] [error]: https://www.youtube.com/feeds/videos.xml?channel_id=UC7lF-uGmWOby1GiBzOr05EA: "HTTP 404"
[2026-09-11 01:06:18] [error]: https://www.youtube.com/feeds/videos.xml?channel_id=UCsEukrAd64fqA7FjwkmZ_Dw: "HTTP 404"
[2026-09-11 01:06:21] [error]: https://www.youtube.com/feeds/videos.xml?channel_id=UCRXiA3h1no_PFkb1JCP0yMA: "HTTP 404"
[2026-09-11 01:06:24] [error]: https://www.youtube.com/feeds/videos.xml?channel_id=UCyO7rMWPwbAXeHxskCsDvrg: "HTTP 404"
[2026-09-11 01:06:27] [error]: https://www.youtube.com/feeds/videos.xml?channel_id=UCnmGIkw-KdI0W5siakKPKog: "HTTP 404"
[2026-09-11 01:06:30] [error]: https://www.youtube.com/feeds/videos.xml?channel_id=UCAuUUnT6oDeKwE6v1NGQxug: "HTTP 404"
[2026-09-11 01:06:33] [error]: https://www.youtube.com/feeds/videos.xml?channel_id=UCi7nMpXuCXT_SUOOE6Yy2ag: "HTTP 404"
[2026-09-11 01:06:36] [error]: https://www.youtube.com/feeds/videos.xml?channel_id=UCb9V7wubMH67Pw9-56GWvrA: "HTTP 500"
[2026-09-11 01:06:39] [error]: https://www.youtube.com/feeds/videos.xml?channel_id=UCXgxNzAgZ1GExhTW4X1mUrg: "HTTP 404"
[2026-09-11 01:06:42] [error]: https://www.youtube.com/feeds/videos.xml?channel_id=UCe446wflr8772AsDisK4jcw: "HTTP 404"
[2026-09-11 01:06:45] [error]: https://www.youtube.com/feeds/videos.xml?channel_id=UCWQaM7SpSECp9FELz-cHzuQ: "HTTP 404"
[2026-09-11 01:06:48] [error]: https://www.youtube.com/feeds/videos.xml?channel_id=UCi8C7TNs2ohrc6hnRQ5Sn2w: "HTTP 404"
[2026-09-11 01:06:51] [error]: https://www.youtube.com/feeds/videos.xml?channel_id=UC8R8FRt1KcPiR-rtAflXmeg: "HTTP 404"
[2026-09-11 01:06:54] [error]: https://www.youtube.com/feeds/videos.xml?channel_id=UCvEpsAwbN4riDPgYcz9ED1Q: "HTTP 404"
[2026-09-11 01:06:57] [error]: https://www.youtube.com/feeds/videos.xml?channel_id=UC9x0AN7BWHpCDHSm9NiJFJQ: "HTTP 404"
[2026-09-11 01:07:00] [error]: https://www.youtube.com/feeds/videos.xml?channel_id=UCaTznQhurW5AaiYPbhEA-KA: "HTTP 404"
[2026-09-11 01:07:03] [error]: https://www.youtube.com/feeds/videos.xml?channel_id=UCRpjHHu8ivVWs73uxHlWwFA: "HTTP 500"
[2026-09-11 01:07:09] [error]: https://www.youtube.com/feeds/videos.xml?channel_id=UCZezibaKn6EwCMRfixsNrag: "HTTP 404"
[2026-09-11 01:07:15] [error]: https://www.youtube.com/feeds/videos.xml?channel_id=UC2f5ttJRhl5I7PPQrTXqq7w: "HTTP 404"
[2026-09-11 01:07:18] [error]: https://www.youtube.com/feeds/videos.xml?channel_id=UCRxt82qGgUASnftwSCQCWZw: "HTTP 404"
[2026-09-11 01:07:21] [error]: https://www.youtube.com/feeds/videos.xml?channel_id=UCcgaoWXUKFl-P3rdNXCuWjg: "HTTP 404"
[2026-09-11 01:07:27] [error]: https://www.youtube.com/feeds/videos.xml?channel_id=UC-lHJZR3Gqxm24_Vd_AJ5Yw: "HTTP 500"
[2026-09-11 01:07:30] [error]: https://www.youtube.com/feeds/videos.xml?channel_id=UCw-JiCSn29MdBYX5rRxuacQ: "HTTP 404"
[2026-09-11 01:07:33] [error]: https://www.youtube.com/feeds/videos.xml?channel_id=UC9ZKDGCc5R67fVvLFSv-OLA: "HTTP 404"
[2026-09-11 01:07:36] [error]: https://www.youtube.com/feeds/videos.xml?channel_id=UCIhmSXHw5WB6cMqkVGiZMbg: "HTTP 404"
[2026-09-11 01:07:39] [error]: https://www.youtube.com/feeds/videos.xml?channel_id=UCtmY49Zn4l0RMJnTWfV7Wsg: "HTTP 404"
[2026-09-11 01:07:42] [error]: https://www.youtube.com/feeds/videos.xml?channel_id=UCzCCsm1ry8no4j-gS6TgySQ: "HTTP 404"
[2026-09-11 01:07:45] [error]: https://www.youtube.com/feeds/videos.xml?channel_id=UCO76MEWSSwLR9cKvFXwh1vA: "HTTP 404"
[2026-09-11 01:07:48] [error]: https://www.youtube.com/feeds/videos.xml?channel_id=UCAVoRvargYMze0b0xTCM-Eg: "HTTP 404"
[2026-09-11 01:07:51] [error]: https://www.youtube.com/feeds/videos.xml?channel_id=UC6I0KzAD7uFTL1qzxyunkvA: "HTTP 404"
[2026-09-11 01:07:54] [error]: https://www.youtube.com/feeds/videos.xml?channel_id=UCWSM_pQreR80LsjLeTdTadw: "HTTP 404"
[2026-09-11 01:07:57] [error]: https://www.youtube.com/feeds/videos.xml?channel_id=UCxfgTxo6HUmnZkxHWFV5T-A: "HTTP 404"
[2026-09-11 01:08:00] [error]: https://www.youtube.com/feeds/videos.xml?channel_id=UCVeW9qkBjo3zosnqUbG7CFw: "HTTP 404"
[2026-09-11 01:08:03] [error]: https://www.youtube.com/feeds/videos.xml?channel_id=UCz7eHJIOAAgIUxlE8iODk7w: "HTTP 404"
[2026-09-11 01:08:06] [error]: https://www.youtube.com/feeds/videos.xml?channel_id=UCn5hg2riwFTCNif80JbaA8A: "HTTP 404"
[2026-09-11 01:08:15] [error]: https://www.youtube.com/feeds/videos.xml?channel_id=UCGmtDrMebeJCq2jgvboJ7Jg: "HTTP 404"
[2026-09-11 01:08:18] [error]: https://www.youtube.com/feeds/videos.xml?channel_id=UCs6KfncB4OV6Vug4o_bzijg: "HTTP 404"
[2026-09-11 01:08:21] [error]: https://www.youtube.com/feeds/videos.xml?channel_id=UCtPrkXdtCM5DACLufB9jbsA: "HTTP 404"
[2026-09-11 01:08:24] [error]: https://www.youtube.com/feeds/videos.xml?channel_id=UCTl3QQTvqHFjurroKxexy2Q: "HTTP 404"
[2026-09-11 01:08:27] [error]: https://www.youtube.com/feeds/videos.xml?channel_id=UC4PIiYewI1YGyiZvgNlJNrA: "HTTP 404"
[2026-09-11 01:08:30] [error]: https://www.youtube.com/feeds/videos.xml?channel_id=UCFk_6LoABn90_Fzp4NBjtIA: "HTTP 404"
[2026-09-11 01:08:33] [error]: https://www.youtube.com/feeds/videos.xml?channel_id=UCNa3uC5LqiRHOnv5b4MZ36g: "HTTP 404"
[2026-09-11 01:08:36] [error]: https://www.youtube.com/feeds/videos.xml?channel_id=UCknfFAeVpD6e5-9wriAGVwg: "HTTP 404"
[2026-09-11 01:08:39] [error]: https://www.youtube.com/feeds/videos.xml?channel_id=UCChNhjW49smKB3zssiUjENg: "HTTP 404"
[2026-09-11 01:08:42] [error]: https://www.youtube.com/feeds/videos.xml?channel_id=UCUyeluBRhGPCW4rPe_UvBZQ: "HTTP 404"
[2026-09-11 01:08:45] [error]: https://www.youtube.com/feeds/videos.xml?channel_id=UCHcb3FQivl6xCRcHC2zjdkQ: "HTTP 404"
[2026-09-11 01:08:48] [error]: https://www.youtube.com/feeds/videos.xml?channel_id=UChc1H3PVKvR2xSFozuJMalg: "HTTP 404"
[2026-09-11 01:08:51] [error]: https://www.youtube.com/feeds/videos.xml?channel_id=UCAiiOTio8Yu69c3XnR7nQBQ: "HTTP 404"
[2026-09-11 01:08:54] [error]: https://www.youtube.com/feeds/videos.xml?channel_id=UCZeBmj9_UNMoqDHSO7QtzXg: "HTTP 404"
[2026-09-11 01:08:57] [error]: https://www.youtube.com/feeds/videos.xml?channel_id=UCC2RJ3tINAiKEH9X_ijo1Yg: "HTTP 404"
[2026-09-11 01:09:00] [error]: https://www.youtube.com/feeds/videos.xml?channel_id=UCHJuQZuzapBh-CuhRYxIZrg: "HTTP 404"
[2026-09-11 01:09:03] [error]: https://www.youtube.com/feeds/videos.xml?channel_id=UCzdg4pZb-viC3EdA1zxRl4A: "HTTP 404"
[2026-09-11 01:09:06] [error]: https://www.youtube.com/feeds/videos.xml?channel_id=UCNY02mhMxIA401SzGixUgFw: "HTTP 404"
[2026-09-11 01:09:09] [error]: https://www.youtube.com/feeds/videos.xml?channel_id=UC9-y-6csu5WGm29I7JiwpnA: "HTTP 404"
[2026-09-11 01:09:12] [error]: https://www.youtube.com/feeds/videos.xml?channel_id=UCjETc3psT6i7B5z6S1Y3ojQ: "HTTP 404"
[2026-09-11 01:09:15] [error]: https://www.youtube.com/feeds/videos.xml?channel_id=UC7Z1FTCdSln_qFKK95AWplw: "HTTP 404"
[2026-09-11 01:09:18] [error]: https://www.youtube.com/feeds/videos.xml?channel_id=UChmbWK0XojsH7B4MjJpXQdA: "HTTP 404"
[2026-09-11 01:09:21] [error]: https://www.youtube.com/feeds/videos.xml?channel_id=UCzml9bXoEM0itbcE96CB03w: "HTTP 404"
[2026-09-11 01:09:24] [error]: https://www.youtube.com/feeds/videos.xml?channel_id=UC1KsxDW7hhfeq5QQmFtInIw: "HTTP 404"
[2026-09-11 01:09:27] [error]: https://www.youtube.com/feeds/videos.xml?channel_id=UC6biysICWOJ-C3P4Tyeggzg: "HTTP 500"
[2026-09-11 01:09:30] [error]: https://www.youtube.com/feeds/videos.xml?channel_id=UCehBVAPy-bxmnbNARF-_tvA: "HTTP 404"
[2026-09-11 01:09:33] [error]: https://www.youtube.com/feeds/videos.xml?channel_id=UCaqcvH8EvUtePORpN03jLMg: "HTTP 404"
[2026-09-11 01:09:36] [error]: https://www.youtube.com/feeds/videos.xml?channel_id=UC4EY_qnSeAP1xGsh61eOoJA: "HTTP 404"
[2026-09-11 01:09:39] [error]: https://www.youtube.com/feeds/videos.xml?channel_id=UCvQECJukTDE2i6aCoMnS-Vg: "HTTP 404"
[2026-09-11 01:09:42] [error]: https://www.youtube.com/feeds/videos.xml?channel_id=UCNypeTQAfb2pBA-BLPYK0kg: "HTTP 404"
[2026-09-11 01:09:45] [error]: https://www.youtube.com/feeds/videos.xml?channel_id=UCytvslh5KzMrcaEQxDVrmAA: "HTTP 404"
[2026-09-11 01:09:48] [error]: https://www.youtube.com/feeds/videos.xml?channel_id=UC5kS0l76kC0xOzMPtOmSFGw: "HTTP 404"
[2026-09-11 01:09:51] [error]: https://www.youtube.com/feeds/videos.xml?channel_id=UCRLOLGZl3-QTaJfLmAKgoAw: "HTTP 404"
[2026-09-11 01:09:54] [error]: https://www.youtube.com/feeds/videos.xml?channel_id=UClOuePXlJnw8-br7SXiuHqg: "HTTP 404"
[2026-09-11 01:09:57] [error]: https://www.youtube.com/feeds/videos.xml?channel_id=UC5vaV7WOjz71AD7q5DM8m0Q: "HTTP 500"
[2026-09-11 01:10:00] [error]: https://www.youtube.com/feeds/videos.xml?channel_id=UCiP70mNvJztRhItX7j6ol5w: "HTTP 404"
[2026-09-11 01:10:03] [error]: https://www.youtube.com/feeds/videos.xml?channel_id=UC2eYFnH61tmytImy1mTYvhA: "HTTP 404"
[2026-09-11 01:10:06] [error]: https://www.youtube.com/feeds/videos.xml?channel_id=UCUGL82UaBKOxzd_rZgc3Dbg: "HTTP 404"
[2026-09-11 01:10:09] [error]: https://www.youtube.com/feeds/videos.xml?channel_id=UCnfmo4KkHHRDYOhyw9TMPRw: "HTTP 404"
[2026-09-11 01:10:12] [error]: https://www.youtube.com/feeds/videos.xml?channel_id=UCeiRyLo_Q9q4tlv9aaQJF5w: "HTTP 500"
[2026-09-11 01:10:15] [error]: https://www.youtube.com/feeds/videos.xml?channel_id=UCrBNZviI7s3f3yy3zwwqnoQ: "HTTP 404"
[2026-09-11 01:10:18] [error]: https://www.youtube.com/feeds/videos.xml?channel_id=UCZIB_p5AgVVdxgkYWHeUy-Q: "HTTP 404"
[2026-09-11 01:10:21] [error]: https://www.youtube.com/feeds/videos.xml?channel_id=UCFhXFikryT4aFcLkLw2LBLA: "HTTP 404"
[2026-09-11 01:10:24] [error]: https://www.youtube.com/feeds/videos.xml?channel_id=UCSmwOCqzjnQksFn0t7ARkkw: "HTTP 404"
[2026-09-11 01:10:27] [error]: https://www.youtube.com/feeds/videos.xml?channel_id=UCiBhDA8lcKqzH-jqmElNUfg: "HTTP 404"
[2026-09-11 01:10:30] [error]: https://www.youtube.com/feeds/videos.xml?channel_id=UCH-IFmmrHATR37Dj7umRdBg: "HTTP 404"
[2026-09-11 01:10:39] [error]: https://www.youtube.com/feeds/videos.xml?channel_id=UCsT0YIqwnpJCM-mx7-gSA4Q: "HTTP 404"
[2026-09-11 01:10:42] [error]: https://www.youtube.com/feeds/videos.xml?channel_id=UC__auRZOSvg0mxYBPs3GWMQ: "HTTP 404"
[2026-09-11 01:10:45] [error]: https://www.youtube.com/feeds/videos.xml?channel_id=UCYp3rk70ACGXQ4gFAiMr1SQ: "HTTP 404"
[2026-09-11 01:10:51] [error]: https://www.youtube.com/feeds/videos.xml?channel_id=UCbrPqq29C9Q_TQP7OFFRzcw: "HTTP 500"
[2026-09-11 01:10:54] [error]: https://www.youtube.com/feeds/videos.xml?channel_id=UCSbyncU597LMwb3HhnAI_4w: "HTTP 404"
[2026-09-11 01:10:57] [error]: https://www.youtube.com/feeds/videos.xml?channel_id=UCSF08irENp73EwqJ42rCsIQ: "HTTP 404"
[2026-09-11 01:11:00] [error]: https://www.youtube.com/feeds/videos.xml?channel_id=UC_GRMAkr6nIEx8smcOH1CNw: "HTTP 404"
[2026-09-11 01:11:06] [error]: https://www.youtube.com/feeds/videos.xml?channel_id=UCmyVNOvZAl4bPIl6sLHS4ow: "HTTP 404"
[2026-09-11 01:11:09] [error]: https://www.youtube.com/feeds/videos.xml?channel_id=UCMrMVIBtqFW6O0-MWq26gqw: "HTTP 404"
[2026-09-11 01:11:15] [error]: https://www.youtube.com/feeds/videos.xml?channel_id=UCSW5iY5oGJtx_E_IPFxDraQ: "HTTP 404"
[2026-09-11 01:11:18] [error]: https://www.youtube.com/feeds/videos.xml?channel_id=UCb8sfMalVgTMvA68dfKzA5Q: "HTTP 404"
[2026-09-11 01:11:21] [error]: https://www.youtube.com/feeds/videos.xml?channel_id=UCGaVdbSav8xWuFWTadK6loA: "HTTP 404"
[2026-09-11 01:11:24] [error]: https://www.youtube.com/feeds/videos.xml?channel_id=UCnZx--LpG2spgmlxOcC-DRA: "HTTP 500"
[2026-09-11 01:11:27] [error]: https://www.youtube.com/feeds/videos.xml?channel_id=UCgfsZHnW6-6uMLmOGu824kQ: "HTTP 404"
[2026-09-11 01:11:30] [error]: https://www.youtube.com/feeds/videos.xml?channel_id=UCSE6yilNScIz1SLTNQvrXMw: "HTTP 404"
[2026-09-11 01:11:33] [error]: https://www.youtube.com/feeds/videos.xml?channel_id=UCsmCt0QHAzvNbM0FSe11QAA: "HTTP 500"
[2026-09-11 01:11:39] [error]: https://www.youtube.com/feeds/videos.xml?channel_id=UCtI0Hodo5o5dUb67FeUjDeA: "HTTP 404"
[2026-09-11 01:11:42] [error]: https://www.youtube.com/feeds/videos.xml?channel_id=UCHyxrwq_j4vcReGKd42tWyw: "HTTP 404"
[2026-09-11 01:11:45] [error]: https://www.youtube.com/feeds/videos.xml?channel_id=UCL-0gAth4u6Wp-9_98XU3nA: "HTTP 500"
[2026-09-11 01:11:48] [error]: https://www.youtube.com/feeds/videos.xml?channel_id=UCjiVhIvGmRZixSzupD0sS9Q: "HTTP 404"
[2026-09-11 01:11:51] [error]: https://www.youtube.com/feeds/videos.xml?channel_id=UCtyzzW6rIQiGP7gfGTXkhDw: "HTTP 404"
[2026-09-11 01:11:54] [error]: https://www.youtube.com/feeds/videos.xml?channel_id=UCqs_rqwO2dUouMqh3ZLeBHw: "HTTP 404"
[2026-09-11 01:11:57] [error]: https://www.youtube.com/feeds/videos.xml?channel_id=UCOCsRROSlsrA31YJgCah32A: "HTTP 404"
[2026-09-11 01:12:03] [error]: https://www.youtube.com/feeds/videos.xml?channel_id=UCQB4-ZjPDfiG1-k0KZlbPug: "HTTP 404"
[2026-09-11 01:12:06] [error]: https://www.youtube.com/feeds/videos.xml?channel_id=UCxKSQr1q0IL-Ps0ekPhDE4A: "HTTP 500"
[2026-09-11 01:12:09] [error]: https://www.youtube.com/feeds/videos.xml?channel_id=UCLG7twDweqlHpyv0EDOjrgw: "HTTP 404"
[2026-09-11 01:12:12] [error]: https://www.youtube.com/feeds/videos.xml?channel_id=UCd6qylQWz49LNjE4xrKf3RA: "HTTP 404"
[2026-09-11 01:12:15] [error]: https://www.youtube.com/feeds/videos.xml?channel_id=UCBvnS6nyNGAl8EUNt-40xoQ: "HTTP 404"
[2026-09-11 01:12:18] [error]: https://www.youtube.com/feeds/videos.xml?channel_id=UC5UAwBUum7CPN5buc-_N1Fw: "HTTP 404"
[2026-09-11 01:12:21] [error]: https://www.youtube.com/feeds/videos.xml?channel_id=UCJ0-OtVpF0wOKEqT2Z1HEtA: "HTTP 404"
[2026-09-11 01:12:24] [error]: https://www.youtube.com/feeds/videos.xml?channel_id=UCEtB-nx5ngoNJWEzYa-yXBg: "HTTP 404"
[2026-09-11 01:12:27] [error]: https://www.youtube.com/feeds/videos.xml?channel_id=UC5nQ0mSNkQB5GG9Ffz7_nYg: "HTTP 404"
[2026-09-11 01:12:30] [error]: https://www.youtube.com/feeds/videos.xml?channel_id=UCdC0An4ZPNr_YiFiYoVbwaw: "HTTP 404"
[2026-09-11 01:12:33] [error]: https://www.youtube.com/feeds/videos.xml?channel_id=UCc80w2gBc1lbalveNDF642g: "HTTP 404"
[2026-09-11 01:12:36] [error]: https://www.youtube.com/feeds/videos.xml?channel_id=UCbQporZxQlCjFDcxrWUX7BA: "HTTP 404"
[2026-09-11 01:12:39] [error]: https://www.youtube.com/feeds/videos.xml?channel_id=UCpSgg_ECBj25s9moCDfSTsA: "HTTP 404"
[2026-09-11 01:12:42] [error]: https://www.youtube.com/feeds/videos.xml?channel_id=UC28n0tlcNSa1iPe5mettocg: "HTTP 404"
[2026-09-11 01:12:45] [error]: https://www.youtube.com/feeds/videos.xml?channel_id=UC9ETf7iDO136CwyxN0gTeJw: "HTTP 404"
[2026-09-11 01:12:48] [error]: https://www.youtube.com/feeds/videos.xml?channel_id=UCaWd5_7JhbQBe4dknZhsHJg: "HTTP 404"
[2026-09-11 01:12:51] [error]: https://www.youtube.com/feeds/videos.xml?channel_id=UCkBVF0sQGsJa-272eFUpTsw: "HTTP 404"
[2026-09-11 01:12:54] [error]: https://www.youtube.com/feeds/videos.xml?channel_id=UC5Ghe5TBQGYIOANuiNW4hDQ: "HTTP 404"
[2026-09-11 01:13:00] [error]: https://www.youtube.com/feeds/videos.xml?channel_id=UC6EJTy6p58ZW16PEljSn4Qw: "HTTP 404"
[2026-09-11 01:13:03] [error]: https://www.youtube.com/feeds/videos.xml?channel_id=UCkjot4p29KLU0pwc0srHeGg: "HTTP 404"
[2026-09-11 01:13:06] [error]: https://www.youtube.com/feeds/videos.xml?channel_id=UCLA_DiR1FfKNvjuUpBHmylQ: "HTTP 500"
[2026-09-11 01:13:09] [error]: https://www.youtube.com/feeds/videos.xml?channel_id=UCaTnzbdRX8AKCk-OZQvbntw: "HTTP 404"
[2026-09-11 01:13:12] [error]: https://www.youtube.com/feeds/videos.xml?channel_id=UC4PziMH5MvvsmqM0VCZTy-g: "HTTP 404"
[2026-09-11 01:13:15] [error]: https://www.youtube.com/feeds/videos.xml?channel_id=UCPJFvbf8tNE9-_aYgeXfdKA: "HTTP 404"
[2026-09-11 01:13:18] [error]: https://www.youtube.com/feeds/videos.xml?channel_id=UCz4nLZcOvXBhLZ9Da23Z7LQ: "HTTP 404"
[2026-09-11 01:13:21] [error]: https://www.youtube.com/feeds/videos.xml?channel_id=UCiNr6FzQ-Kb4wNsLGBWXH5w: "HTTP 404"
[2026-09-11 01:13:24] [error]: https://www.youtube.com/feeds/videos.xml?channel_id=UCrDwWp7EBBv4NwvScIpBDOA: "HTTP 404"
[2026-09-11 01:13:27] [error]: https://www.youtube.com/feeds/videos.xml?channel_id=UCbb251iYPK4WlDmIc7GvMgg: "HTTP 404"
[2026-09-11 01:13:33] [error]: https://www.youtube.com/feeds/videos.xml?channel_id=UCF18N219OPiOcElz_hSYoIQ: "HTTP 404"
[2026-09-11 01:13:36] [error]: https://www.youtube.com/feeds/videos.xml?channel_id=UC75oa16yMCJm-JM8e7W2c4Q: "HTTP 404"
[2026-09-11 01:13:39] [error]: https://www.youtube.com/feeds/videos.xml?channel_id=UCq6VFHwMzcMXbuKyG7SQYIg: "HTTP 404"
[2026-09-11 01:13:42] [error]: https://www.youtube.com/feeds/videos.xml?channel_id=UCZCzi4iPzJvAIA-4cH2WvIQ: "HTTP 404"
[2026-09-11 01:13:45] [error]: https://www.youtube.com/feeds/videos.xml?channel_id=UCheky_SBEExtbK_T0onuDwg: "HTTP 404"
[2026-09-11 01:13:51] [error]: https://www.youtube.com/feeds/videos.xml?channel_id=UCZB1r1In9RfE7tpVrYgcjLQ: "HTTP 404"
[2026-09-11 01:13:54] [error]: https://www.youtube.com/feeds/videos.xml?channel_id=UChE2Mho7mo3nlwgOuLupnXA: "HTTP 404"
[2026-09-11 01:13:57] [error]: https://www.youtube.com/feeds/videos.xml?channel_id=UCG3hX4KkT3-vtLWLVg6hoeQ: "HTTP 500"
[2026-09-11 01:14:00] [error]: https://www.youtube.com/feeds/videos.xml?channel_id=UC0RG0Sj_zfhhb5V3V2gAGNg: "HTTP 404"
[2026-09-11 01:14:03] [error]: https://www.youtube.com/feeds/videos.xml?channel_id=UCASFlzICrCppky0uJM6YqRQ: "HTTP 404"
[2026-09-11 01:14:09] [error]: https://www.youtube.com/feeds/videos.xml?channel_id=UC4ihNhN8iN9QPg2XTxiiPJw: "HTTP 404"
[2026-09-11 01:14:12] [error]: https://www.youtube.com/feeds/videos.xml?channel_id=UCM_qgRbk2J8tqlSX0HV58RA: "HTTP 404"
[2026-09-11 01:14:15] [error]: https://www.youtube.com/feeds/videos.xml?channel_id=UCXzSbpahwAPhmjIp_13ijlw: "HTTP 404"
[2026-09-11 01:14:18] [error]: https://www.youtube.com/feeds/videos.xml?channel_id=UCZOMyEMi5IStedrF69HrgmQ: "HTTP 404"
[2026-09-11 01:14:21] [error]: https://www.youtube.com/feeds/videos.xml?channel_id=UCSMzy1n4Arqk_hCCOYOQn9g: "HTTP 500"
[2026-09-11 01:14:24] [error]: https://www.youtube.com/feeds/videos.xml?channel_id=UC_DmCvOP5Q_eBMRDvqqRXjg: "HTTP 404"
[2026-09-11 01:14:27] [error]: https://www.youtube.com/feeds/videos.xml?channel_id=UCFCDLnoNn3lDOFYglbsuSqA: "HTTP 404"
[2026-09-11 01:14:30] [error]: https://www.youtube.com/feeds/videos.xml?channel_id=UCwWhs_6x42TyRM4Wstoq8HA: "HTTP 404"
[2026-09-11 01:14:33] [error]: https://www.youtube.com/feeds/videos.xml?channel_id=UCteFOtSvvbnceka5zKsHBYw: "HTTP 404"
[2026-09-11 01:14:36] [error]: https://www.youtube.com/feeds/videos.xml?channel_id=UCa6vGFO9ty8v5KZJXQxdhaw: "HTTP 404"
[2026-09-11 01:14:39] [error]: https://www.youtube.com/feeds/videos.xml?channel_id=UCgBVkKoOAr3ajSdFFLp13_A: "HTTP 404"
[2026-09-11 01:14:42] [error]: https://www.youtube.com/feeds/videos.xml?channel_id=UCMtFAi84ehTSYSE9XoHefig: "HTTP 404"
[2026-09-11 01:14:45] [error]: https://www.youtube.com/feeds/videos.xml?channel_id=UC0vMu-dC_2Wq-UDH-MmUjow: "HTTP 404"
[2026-09-11 01:14:48] [error]: https://www.youtube.com/feeds/videos.xml?channel_id=UCuDv5p8E-evaRSh542hDV5g: "HTTP 404"
[2026-09-11 01:14:54] [error]: https://www.youtube.com/feeds/videos.xml?channel_id=UCPgJddP_Y3BHo_8bG0G1TCA: "HTTP 404"
